[backblue.gif]
[fade.gif]
[index.html]
[www.wingvillage.org.uk/sites/default/files/wingsign.jpg]
[www.wingvillage.org.uk/index.html]
[www.wingvillage.org.uk/about.html]
[www.wingvillage.org.uk/recentchanges.html]
[www.wingvillage.org.uk/thevillage.html]
[www.wingvillage.org.uk/sites/default/files/allsaintschurch.thumb.jpg]
[www.wingvillage.org.uk/thevillage/allsaintschurch.html]
[www.wingvillage.org.uk/sites/default/files/allsaintschurch.jpg]
[www.wingvillage.org.uk/sites/default/files/jubileegreen.jpg]
[www.wingvillage.org.uk/sites/default/files/jubileegreen.thumb.jpg]
[www.wingvillage.org.uk/sites/default/files/cockinn.jpg]
[www.wingvillage.org.uk/sites/default/files/cockinn.thumb.jpg]
[www.wingvillage.org.uk/thevillage/amenitiesandfacilities.html]
[www.wingvillage.org.uk/thevillage/broadband.html]
[www.wingvillage.org.uk/sites/default/files/conservation/cmap1.jpg]
[www.wingvillage.org.uk/sites/default/files/conservation/cview1.jpg]
[www.wingvillage.org.uk/sites/default/files/conservation/cview2.jpg]
[www.wingvillage.org.uk/sites/default/files/conservation/cmap2.jpg]
[www.wingvillage.org.uk/sites/default/files/conservation/cview3.jpg]
[www.wingvillage.org.uk/sites/default/files/conservation/cview4.jpg]
[www.wingvillage.org.uk/sites/default/files/conservation/cmap6.jpg]
[www.wingvillage.org.uk/sites/default/files/conservation/cview5.jpg]
[www.wingvillage.org.uk/sites/default/files/conservation/cview6.jpg]
[www.wingvillage.org.uk/sites/default/files/conservation/cview7.jpg]
[www.wingvillage.org.uk/sites/default/files/conservation/cview8.jpg]
[www.wingvillage.org.uk/sites/default/files/conservation/cmap8.jpg]
[www.wingvillage.org.uk/sites/default/files/conservation/cview9.jpg]
[www.wingvillage.org.uk/sites/default/files/conservation/cmapa1.jpg]
[www.wingvillage.org.uk/sites/default/files/conservation/cviewa1.jpg]
[www.wingvillage.org.uk/sites/default/files/conservation/cviewa2.jpg]
[www.wingvillage.org.uk/sites/default/files/conservation/cmapa3.jpg]
[www.wingvillage.org.uk/sites/default/files/conservation/cviewa3.jpg]
[www.wingvillage.org.uk/sites/default/files/conservation/cviewa5.jpg]
[www.wingvillage.org.uk/sites/default/files/conservation/cviewa4.jpg]
[www.wingvillage.org.uk/sites/default/files/conservation/cviewa6.jpg]
[www.wingvillage.org.uk/thevillage/conservationarea.html]
[www.wingvillage.org.uk/sites/default/files/conservation/cviewa7.jpg]
[www.wingvillage.org.uk/thevillage/healthservices.html]
[www.wingvillage.org.uk/thevillage/history.html]
[www.wingvillage.org.uk/thevillage/library.html]
[www.wingvillage.org.uk/thevillage/localbusiness.html]
[www.wingvillage.org.uk/sites/default/files/wingvillagelibrary.jpg]
[www.wingvillage.org.uk/sites/default/files/localwalks/Walk2_circular_burcott_stewkley.pdf]
[www.wingvillage.org.uk/sites/default/files/localwalks/walk3_wing_mentmore.pdf]
[www.wingvillage.org.uk/sites/default/files/localwalks/walk4_aston-abbotts.pdf]
[www.wingvillage.org.uk/sites/default/files/localwalks/walk5_astonabbotts_cublington.pdf]
[www.wingvillage.org.uk/sites/default/files/localwalks/walk6_via-wingrave.pdf]
[www.wingvillage.org.uk/thevillage/localwalks.html]
[www.wingvillage.org.uk/thevillage/naturalhistory.html]
[www.wingvillage.org.uk/parishcouncil.html]
[www.wingvillage.org.uk/thevillage/police.html]
[www.wingvillage.org.uk/thevillage/publictransport.html]
[www.wingvillage.org.uk/thevillage/refuse.html]
[www.wingvillage.org.uk/thevillage/schools.html]
[www.wingvillage.org.uk/thevillage/villagemap.html]
[www.wingvillage.org.uk/thevillage/whatsoninwing.html]
[www.wingvillage.org.uk/thevillage/weblinks.html]
[www.wingvillage.org.uk/organisations.html]
[www.wingvillage.org.uk/sites/default/files/wing_library_questionnaire.docx]
[www.wingvillage.org.uk/rsshtml.html]
[www.wingvillage.org.uk/news.html]
[www.wingvillage.org.uk/events.html]
[www.wingvillage.org.uk/contact.html]
[www.wingvillage.org.uk/thevillage/villagemapb852.html]
[www.wingvillage.org.uk/thevillage/amenitiesandfacilities/villagehall.html]
[www.wingvillage.org.uk/thevillage/villagemapd191.html]
[www.wingvillage.org.uk/thevillage/amenitiesandfacilities/villagelibrary.html]
[www.wingvillage.org.uk/thevillage/villagemap01e2.html]
[www.wingvillage.org.uk/thevillage/amenitiesandfacilities/wingchapel.html]
[www.wingvillage.org.uk/thevillage/villagemape25d.html]
[www.wingvillage.org.uk/thevillage/villagemap4f99.html]
[www.wingvillage.org.uk/thevillage/villagemapc592.html]
[www.wingvillage.org.uk/thevillage/villagemap2529.html]
[www.wingvillage.org.uk/thevillage/villagemap0746.html]
[www.wingvillage.org.uk/thevillage/villagemap5697.html]
[www.wingvillage.org.uk/thevillage/villagemap236b.html]
[www.wingvillage.org.uk/thevillage/villagemapc852.html]
[www.wingvillage.org.uk/thevillage/villagemap486c.html]
[www.wingvillage.org.uk/thevillage/amenitiesandfacilities/thecockinn.html]
[www.wingvillage.org.uk/thevillage/villagemap569e.html]
[www.wingvillage.org.uk/thevillage/villagemapbb8b.html]
[www.wingvillage.org.uk/thevillage/history/account1925page1.html]
[www.wingvillage.org.uk/thevillage/history/villagehall.html]
[www.wingvillage.org.uk/thevillage/history/vicaragelanebakery.html]
[www.wingvillage.org.uk/thevillage/history/oldplacenames.html]
[www.wingvillage.org.uk/thevillage/history/allsaintsprereformation.html]
[www.wingvillage.org.uk/thevillage/history/allsaintssixteenthcentury.html]
[www.wingvillage.org.uk/thevillage/history/priestsandvicars.html]
[www.wingvillage.org.uk/thevillage/history/account1925page3.html]
[www.wingvillage.org.uk/thevillage/history/account1925page4.html]
[www.wingvillage.org.uk/thevillage/history/account1925page5.html]
[www.wingvillage.org.uk/thevillage/history/account1925page2.html]
[www.wingvillage.org.uk/sites/default/files/wingvillagehall.jpg]
[www.wingvillage.org.uk/sites/default/files/localwalks/walk1.jpg]
[www.wingvillage.org.uk/sites/default/files/localwalks/Walk1_linear_burcott_linslade.pdf]
[www.wingvillage.org.uk/thevillage/localwalks/walk1.html]
[www.wingvillage.org.uk/sites/default/files/neighbourhoodwatch.jpg]
[www.wingvillage.org.uk/sites/default/files/thamesvalleypolice.jpg]
[www.wingvillage.org.uk/organisations/neighbourhoodwatch.html]
[www.wingvillage.org.uk/organisations/labybirds.html]
[www.wingvillage.org.uk/organisations/sportandsocialclub.html]
[www.wingvillage.org.uk/organisations/winghallsnookerclub.html]
[www.wingvillage.org.uk/organisations/wingyouthcentre.html]
[www.wingvillage.org.uk/organisations/ageconcern.html]
[www.wingvillage.org.uk/organisations/barnados.html]
[www.wingvillage.org.uk/organisations/wingbowlsclub.html]
[www.wingvillage.org.uk/organisations/carnivalcommittee.html]
[www.wingvillage.org.uk/node/185.html]
[www.wingvillage.org.uk/taxonomy/term/32/0/feedhtml.html]
[www.wingvillage.org.uk/taxonomy/term/32.html]
[www.wingvillage.org.uk/taxonomy/term/33/0/feedhtml.html]
[www.wingvillage.org.uk/taxonomy/term/33.html]
[www.wingvillage.org.uk/node/184.html]
[www.wingvillage.org.uk/taxonomy/term/29/0/feedhtml.html]
[www.wingvillage.org.uk/taxonomy/term/29.html]
[www.wingvillage.org.uk/taxonomy/term/31/0/feedhtml.html]
[www.wingvillage.org.uk/taxonomy/term/31.html]
[www.wingvillage.org.uk/taxonomy/term/30/0/feedhtml.html]
[www.wingvillage.org.uk/taxonomy/term/30.html]
[www.wingvillage.org.uk/node/180.html]
[www.wingvillage.org.uk/taxonomy/term/28/0/feedhtml.html]
[www.wingvillage.org.uk/taxonomy/term/28.html]
[www.wingvillage.org.uk/taxonomy/term/9/0/feedhtml.html]
[www.wingvillage.org.uk/taxonomy/term/9.html]
[www.wingvillage.org.uk/node/179.html]
[www.wingvillage.org.uk/taxonomy/term/27/0/feedhtml.html]
[www.wingvillage.org.uk/taxonomy/term/27.html]
[www.wingvillage.org.uk/taxonomy/term/26/0/feedhtml.html]
[www.wingvillage.org.uk/taxonomy/term/26.html]
[www.wingvillage.org.uk/node/176.html]
[www.wingvillage.org.uk/taxonomy/term/23/0/feedhtml.html]
[www.wingvillage.org.uk/taxonomy/term/23.html]
[www.wingvillage.org.uk/node/174.html]
[www.wingvillage.org.uk/taxonomy/term/25/0/feedhtml.html]
[www.wingvillage.org.uk/taxonomy/term/25.html]
[www.wingvillage.org.uk/node/173.html]
[www.wingvillage.org.uk/taxonomy/term/24/0/feedhtml.html]
[www.wingvillage.org.uk/taxonomy/term/24.html]
[www.wingvillage.org.uk/node/166.html]
[www.wingvillage.org.uk/node/164.html]
[www.wingvillage.org.uk/node/163.html]
[www.wingvillage.org.uk/sites/default/files/jg/JG-Graphic.jpg]
[www.wingvillage.org.uk/sites/default/files/jg/JG-Graphic-thumb.jpg]
[www.wingvillage.org.uk/news3258.html]
[www.wingvillage.org.uk/news9d6a.html]
[www.wingvillage.org.uk/newsaf66.html]
[www.wingvillage.org.uk/news5d8a.html]
[www.wingvillage.org.uk/newse047.html]
[www.wingvillage.org.uk/news20a8.html]
[www.wingvillage.org.uk/node/64.html]
[www.wingvillage.org.uk/node/152.html]
[www.wingvillage.org.uk/node/154.html]
[www.wingvillage.org.uk/node/102.html]
[www.wingvillage.org.uk/node/141.html]
[www.wingvillage.org.uk/node/99.html]
[www.wingvillage.org.uk/node/67.html]
[www.wingvillage.org.uk/node/81.html]
[www.wingvillage.org.uk/node/161.html]
[www.wingvillage.org.uk/node/111.html]
[www.wingvillage.org.uk/node/151.html]
[www.wingvillage.org.uk/node/136.html]
[www.wingvillage.org.uk/node/130.html]
[www.wingvillage.org.uk/node/137.html]
[www.wingvillage.org.uk/node/119.html]
[www.wingvillage.org.uk/node/86.html]
[www.wingvillage.org.uk/node/97.html]
[www.wingvillage.org.uk/node/147.html]
[www.wingvillage.org.uk/node/134.html]
[www.wingvillage.org.uk/node/146.html]
[www.wingvillage.org.uk/node/98.html]
[www.wingvillage.org.uk/node/101.html]
[www.wingvillage.org.uk/node/89.html]
[www.wingvillage.org.uk/node/80.html]
[www.wingvillage.org.uk/node/109.html]
[www.wingvillage.org.uk/node/133.html]
[www.wingvillage.org.uk/node/156.html]
[www.wingvillage.org.uk/node/129.html]
[www.wingvillage.org.uk/node/117.html]
[www.wingvillage.org.uk/node/143.html]
[www.wingvillage.org.uk/node/112.html]
[www.wingvillage.org.uk/node/139.html]
[www.wingvillage.org.uk/node/94.html]
[www.wingvillage.org.uk/node/103.html]
[www.wingvillage.org.uk/node/118.html]
[www.wingvillage.org.uk/node/115.html]
[www.wingvillage.org.uk/node/120.html]
[www.wingvillage.org.uk/node/157.html]
[www.wingvillage.org.uk/node/62.html]
[www.wingvillage.org.uk/node/153.html]
[www.wingvillage.org.uk/node/159.html]
[www.wingvillage.org.uk/node/140.html]
[www.wingvillage.org.uk/node/100.html]
[www.wingvillage.org.uk/node/150.html]
[www.wingvillage.org.uk/node/155.html]
[www.wingvillage.org.uk/archive/201305.html]
[www.wingvillage.org.uk/archive/201111.html]
[www.wingvillage.org.uk/archive/201108.html]
[www.wingvillage.org.uk/archive/201105.html]
[www.wingvillage.org.uk/archive/201104.html]
[www.wingvillage.org.uk/archive/201102.html]
[www.wingvillage.org.uk/archive/201011.html]
[www.wingvillage.org.uk/archive/201010.html]
[www.wingvillage.org.uk/archive/201007.html]
[www.wingvillage.org.uk/archive/201005.html]
[www.wingvillage.org.uk/archive/201004.html]
[www.wingvillage.org.uk/archive/201003.html]
[www.wingvillage.org.uk/archive/201001.html]
[www.wingvillage.org.uk/archive/200910.html]
[www.wingvillage.org.uk/archive/200909.html]
[www.wingvillage.org.uk/archive/200907.html]
[www.wingvillage.org.uk/archive/200906.html]
[www.wingvillage.org.uk/archive/200905.html]
[www.wingvillage.org.uk/archive/200904.html]
[www.wingvillage.org.uk/archive/200902.html]
[www.wingvillage.org.uk/node/1853258.html]
[www.wingvillage.org.uk/taxonomy/term/323258.html]
[www.wingvillage.org.uk/taxonomy/term/333258.html]
[www.wingvillage.org.uk/node/1843258.html]
[www.wingvillage.org.uk/taxonomy/term/293258.html]
[www.wingvillage.org.uk/taxonomy/term/313258.html]
[www.wingvillage.org.uk/taxonomy/term/303258.html]
[www.wingvillage.org.uk/node/1803258.html]
[www.wingvillage.org.uk/taxonomy/term/283258.html]
[www.wingvillage.org.uk/taxonomy/term/93258.html]
[www.wingvillage.org.uk/node/1792679.html]
[www.wingvillage.org.uk/taxonomy/term/273258.html]
[www.wingvillage.org.uk/taxonomy/term/263258.html]
[www.wingvillage.org.uk/node/1762679.html]
[www.wingvillage.org.uk/taxonomy/term/233258.html]
[www.wingvillage.org.uk/node/1743258.html]
[www.wingvillage.org.uk/taxonomy/term/253258.html]
[www.wingvillage.org.uk/node/1733258.html]
[www.wingvillage.org.uk/taxonomy/term/243258.html]
[www.wingvillage.org.uk/node/1663258.html]
[www.wingvillage.org.uk/node/1642679.html]
[www.wingvillage.org.uk/node/1633258.html]
[www.wingvillage.org.uk/taxonomy/term/5/0/feedhtml.html]
[www.wingvillage.org.uk/taxonomy/term/5.html]
[www.wingvillage.org.uk/taxonomy/term/3/0/feedhtml.html]
[www.wingvillage.org.uk/taxonomy/term/3.html]
[www.wingvillage.org.uk/taxonomy/term/20/0/feedhtml.html]
[www.wingvillage.org.uk/taxonomy/term/20.html]
[www.wingvillage.org.uk/taxonomy/term/22/0/feedhtml.html]
[www.wingvillage.org.uk/taxonomy/term/22.html]
[www.wingvillage.org.uk/taxonomy/term/21/0/feedhtml.html]
[www.wingvillage.org.uk/taxonomy/term/21.html]
[www.wingvillage.org.uk/taxonomy/term/14/0/feedhtml.html]
[www.wingvillage.org.uk/taxonomy/term/14.html]
[www.wingvillage.org.uk/playarea.html]
[www.wingvillage.org.uk/news99b5.html]
[www.wingvillage.org.uk/archive/200901.html]
[www.wingvillage.org.uk/archive/200812.html]
[www.wingvillage.org.uk/archive/200811.html]
[www.wingvillage.org.uk/taxonomy/term/4/0/feedhtml.html]
[www.wingvillage.org.uk/taxonomy/term/4.html]
[www.wingvillage.org.uk/taxonomy/term/19/0/feedhtml.html]
[www.wingvillage.org.uk/taxonomy/term/19.html]
[www.wingvillage.org.uk/node/142.html]
[www.wingvillage.org.uk/taxonomy/term/18/0/feedhtml.html]
[www.wingvillage.org.uk/taxonomy/term/18.html]
[www.wingvillage.org.uk/taxonomy/term/13/0/feedhtml.html]
[www.wingvillage.org.uk/taxonomy/term/13.html]
[www.wingvillage.org.uk/node/138.html]
[www.wingvillage.org.uk/taxonomy/term/17/0/feedhtml.html]
[www.wingvillage.org.uk/taxonomy/term/17.html]
[www.wingvillage.org.uk/taxonomy/term/16/0/feedhtml.html]
[www.wingvillage.org.uk/taxonomy/term/16.html]
[www.wingvillage.org.uk/taxonomy/term/15/0/feedhtml.html]
[www.wingvillage.org.uk/taxonomy/term/15.html]
[www.wingvillage.org.uk/organisations/labybirds/index.html]
[www.wingvillage.org.uk/node/135.html]
[www.wingvillage.org.uk/node/132.html]
[www.wingvillage.org.uk/parishcouncil/jgmc.html]
[www.wingvillage.org.uk/taxonomy/term/7/0/feedhtml.html]
[www.wingvillage.org.uk/taxonomy/term/7.html]
[www.wingvillage.org.uk/node/126.html]
[www.wingvillage.org.uk/taxonomy/term/10/0/feedhtml.html]
[www.wingvillage.org.uk/taxonomy/term/10.html]
[www.wingvillage.org.uk/node/124.html]
[www.wingvillage.org.uk/node/123.html]
[www.wingvillage.org.uk/node/122.html]
[www.wingvillage.org.uk/taxonomy/term/8/0/feedhtml.html]
[www.wingvillage.org.uk/taxonomy/term/8.html]
[www.wingvillage.org.uk/node/92.html]
[www.wingvillage.org.uk/taxonomy/term/6/0/feedhtml.html]
[www.wingvillage.org.uk/taxonomy/term/6.html]
[www.wingvillage.org.uk/taxonomy/term/1/0/feedhtml.html]
[www.wingvillage.org.uk/taxonomy/term/1.html]
[www.wingvillage.org.uk/node/643258.html]
[www.wingvillage.org.uk/node/1523258.html]
[www.wingvillage.org.uk/node/1543258.html]
[www.wingvillage.org.uk/node/1023258.html]
[www.wingvillage.org.uk/node/1413258.html]
[www.wingvillage.org.uk/node/993258.html]
[www.wingvillage.org.uk/node/673258.html]
[www.wingvillage.org.uk/node/813258.html]
[www.wingvillage.org.uk/node/1613258.html]
[www.wingvillage.org.uk/node/1113258.html]
[www.wingvillage.org.uk/node/1513258.html]
[www.wingvillage.org.uk/node/1363258.html]
[www.wingvillage.org.uk/node/1303258.html]
[www.wingvillage.org.uk/node/1373258.html]
[www.wingvillage.org.uk/node/1193258.html]
[www.wingvillage.org.uk/node/863258.html]
[www.wingvillage.org.uk/node/973258.html]
[www.wingvillage.org.uk/node/1473258.html]
[www.wingvillage.org.uk/node/1343258.html]
[www.wingvillage.org.uk/node/1463258.html]
[www.wingvillage.org.uk/node/983258.html]
[www.wingvillage.org.uk/node/1013258.html]
[www.wingvillage.org.uk/node/893258.html]
[www.wingvillage.org.uk/node/803258.html]
[www.wingvillage.org.uk/node/1093258.html]
[www.wingvillage.org.uk/node/1333258.html]
[www.wingvillage.org.uk/node/1563258.html]
[www.wingvillage.org.uk/node/1293258.html]
[www.wingvillage.org.uk/node/1172679.html]
[www.wingvillage.org.uk/node/1432679.html]
[www.wingvillage.org.uk/node/1122679.html]
[www.wingvillage.org.uk/node/1393258.html]
[www.wingvillage.org.uk/node/943258.html]
[www.wingvillage.org.uk/node/1033258.html]
[www.wingvillage.org.uk/node/1183258.html]
[www.wingvillage.org.uk/node/1153258.html]
[www.wingvillage.org.uk/node/1203258.html]
[www.wingvillage.org.uk/node/1573258.html]
[www.wingvillage.org.uk/node/623258.html]
[www.wingvillage.org.uk/node/1533258.html]
[www.wingvillage.org.uk/node/1593258.html]
[www.wingvillage.org.uk/node/1403258.html]
[www.wingvillage.org.uk/node/1002679.html]
[www.wingvillage.org.uk/node/1503258.html]
[www.wingvillage.org.uk/node/1553258.html]
[www.wingvillage.org.uk/archive.html]
[www.wingvillage.org.uk/node/18599b5.html]
[www.wingvillage.org.uk/taxonomy/term/3299b5.html]
[www.wingvillage.org.uk/taxonomy/term/3399b5.html]
[www.wingvillage.org.uk/node/18499b5.html]
[www.wingvillage.org.uk/taxonomy/term/2999b5.html]
[www.wingvillage.org.uk/taxonomy/term/3199b5.html]
[www.wingvillage.org.uk/taxonomy/term/3099b5.html]
[www.wingvillage.org.uk/node/18099b5.html]
[www.wingvillage.org.uk/taxonomy/term/2899b5.html]
[www.wingvillage.org.uk/taxonomy/term/999b5.html]
[www.wingvillage.org.uk/node/17999b5.html]
[www.wingvillage.org.uk/taxonomy/term/2799b5.html]
[www.wingvillage.org.uk/taxonomy/term/2699b5.html]
[www.wingvillage.org.uk/node/17699b5.html]
[www.wingvillage.org.uk/taxonomy/term/2399b5.html]
[www.wingvillage.org.uk/node/17499b5.html]
[www.wingvillage.org.uk/taxonomy/term/2599b5.html]
[www.wingvillage.org.uk/node/17399b5.html]
[www.wingvillage.org.uk/taxonomy/term/2499b5.html]
[www.wingvillage.org.uk/node/16699b5.html]
[www.wingvillage.org.uk/node/16499b5.html]
[www.wingvillage.org.uk/node/16399b5.html]
[www.wingvillage.org.uk/taxonomy/term/53258.html]
[www.wingvillage.org.uk/taxonomy/term/33258.html]
[www.wingvillage.org.uk/taxonomy/term/203258.html]
[www.wingvillage.org.uk/taxonomy/term/223258.html]
[www.wingvillage.org.uk/taxonomy/term/213258.html]
[www.wingvillage.org.uk/taxonomy/term/143258.html]
[www.wingvillage.org.uk/taxonomy/term/43258.html]
[www.wingvillage.org.uk/taxonomy/term/193258.html]
[www.wingvillage.org.uk/node/1423258.html]
[www.wingvillage.org.uk/taxonomy/term/183258.html]
[www.wingvillage.org.uk/taxonomy/term/132679.html]
[www.wingvillage.org.uk/node/1383258.html]
[www.wingvillage.org.uk/taxonomy/term/173258.html]
[www.wingvillage.org.uk/taxonomy/term/163258.html]
[www.wingvillage.org.uk/taxonomy/term/153258.html]
[www.wingvillage.org.uk/node/1353258.html]
[www.wingvillage.org.uk/node/1323258.html]
[www.wingvillage.org.uk/taxonomy/term/72679.html]
[www.wingvillage.org.uk/node/1263258.html]
[www.wingvillage.org.uk/taxonomy/term/103258.html]
[www.wingvillage.org.uk/node/1243258.html]
[www.wingvillage.org.uk/node/1233258.html]
[www.wingvillage.org.uk/node/1223258.html]
[www.wingvillage.org.uk/taxonomy/term/83258.html]
[www.wingvillage.org.uk/node/923258.html]
[www.wingvillage.org.uk/taxonomy/term/63258.html]
[www.wingvillage.org.uk/taxonomy/term/13258.html]
[www.wingvillage.org.uk/node/6499b5.html]
[www.wingvillage.org.uk/node/15299b5.html]
[www.wingvillage.org.uk/node/15499b5.html]
[www.wingvillage.org.uk/node/10299b5.html]
[www.wingvillage.org.uk/node/14199b5.html]
[www.wingvillage.org.uk/node/9999b5.html]
[www.wingvillage.org.uk/node/6799b5.html]
[www.wingvillage.org.uk/node/8199b5.html]
[www.wingvillage.org.uk/node/16199b5.html]
[www.wingvillage.org.uk/node/11199b5.html]
[www.wingvillage.org.uk/node/15199b5.html]
[www.wingvillage.org.uk/node/13699b5.html]
[www.wingvillage.org.uk/node/13099b5.html]
[www.wingvillage.org.uk/node/13799b5.html]
[www.wingvillage.org.uk/node/11999b5.html]
[www.wingvillage.org.uk/node/8699b5.html]
[www.wingvillage.org.uk/node/9799b5.html]
[www.wingvillage.org.uk/node/14799b5.html]
[www.wingvillage.org.uk/node/13499b5.html]
[www.wingvillage.org.uk/node/14699b5.html]
[www.wingvillage.org.uk/node/9899b5.html]
[www.wingvillage.org.uk/node/10199b5.html]
[www.wingvillage.org.uk/node/8999b5.html]
[www.wingvillage.org.uk/node/8099b5.html]
[www.wingvillage.org.uk/node/10999b5.html]
[www.wingvillage.org.uk/node/13399b5.html]
[www.wingvillage.org.uk/node/15699b5.html]
[www.wingvillage.org.uk/node/12999b5.html]
[www.wingvillage.org.uk/node/11799b5.html]
[www.wingvillage.org.uk/node/14399b5.html]
[www.wingvillage.org.uk/node/11299b5.html]
[www.wingvillage.org.uk/node/13999b5.html]
[www.wingvillage.org.uk/node/9499b5.html]
[www.wingvillage.org.uk/node/10399b5.html]
[www.wingvillage.org.uk/node/11899b5.html]
[www.wingvillage.org.uk/node/11599b5.html]
[www.wingvillage.org.uk/node/12099b5.html]
[www.wingvillage.org.uk/node/15799b5.html]
[www.wingvillage.org.uk/node/6299b5.html]
[www.wingvillage.org.uk/node/15399b5.html]
[www.wingvillage.org.uk/node/15999b5.html]
[www.wingvillage.org.uk/node/14099b5.html]
[www.wingvillage.org.uk/node/10099b5.html]
[www.wingvillage.org.uk/node/15099b5.html]
[www.wingvillage.org.uk/node/15599b5.html]
[www.wingvillage.org.uk/node/1793258.html]
[www.wingvillage.org.uk/node/1763258.html]
[www.wingvillage.org.uk/node/1643258.html]
[www.wingvillage.org.uk/taxonomy/term/599b5.html]
[www.wingvillage.org.uk/taxonomy/term/399b5.html]
[www.wingvillage.org.uk/taxonomy/term/2099b5.html]
[www.wingvillage.org.uk/taxonomy/term/2299b5.html]
[www.wingvillage.org.uk/taxonomy/term/2199b5.html]
[www.wingvillage.org.uk/taxonomy/term/1499b5.html]
[www.wingvillage.org.uk/taxonomy/term/499b5.html]
[www.wingvillage.org.uk/taxonomy/term/1999b5.html]
[www.wingvillage.org.uk/node/14299b5.html]
[www.wingvillage.org.uk/taxonomy/term/1899b5.html]
[www.wingvillage.org.uk/taxonomy/term/1399b5.html]
[www.wingvillage.org.uk/node/13899b5.html]
[www.wingvillage.org.uk/taxonomy/term/1799b5.html]
[www.wingvillage.org.uk/taxonomy/term/1699b5.html]
[www.wingvillage.org.uk/taxonomy/term/1599b5.html]
[www.wingvillage.org.uk/node/13599b5.html]
[www.wingvillage.org.uk/node/13299b5.html]
[www.wingvillage.org.uk/taxonomy/term/799b5.html]
[www.wingvillage.org.uk/node/12699b5.html]
[www.wingvillage.org.uk/taxonomy/term/1099b5.html]
[www.wingvillage.org.uk/node/12499b5.html]
[www.wingvillage.org.uk/node/12399b5.html]
[www.wingvillage.org.uk/node/12299b5.html]
[www.wingvillage.org.uk/taxonomy/term/899b5.html]
[www.wingvillage.org.uk/node/9299b5.html]
[www.wingvillage.org.uk/taxonomy/term/699b5.html]
[www.wingvillage.org.uk/taxonomy/term/199b5.html]
[www.wingvillage.org.uk/node/1173258.html]
[www.wingvillage.org.uk/node/1433258.html]
[www.wingvillage.org.uk/node/1123258.html]
[www.wingvillage.org.uk/node/1003258.html]
[www.wingvillage.org.uk/taxonomy/term/133258.html]
[www.wingvillage.org.uk/taxonomy/term/73258.html]
